[0.019s] Invoking command in '/home/sauron/ros2-picas/build/test_msgs': /usr/bin/cmake --build /home/sauron/ros2-picas/build/test_msgs -- -j20 -l20
[0.045s] -- Found ament_cmake: 1.3.3 (/home/sauron/ros2_humble/install/ament_cmake/share/ament_cmake/cmake)
[0.224s] -- Found builtin_interfaces: 1.2.1 (/home/sauron/ros2_humble/install/builtin_interfaces/share/builtin_interfaces/cmake)
[0.240s] -- Found rosidl_generator_c: 3.1.4 (/home/sauron/ros2_humble/install/rosidl_generator_c/share/rosidl_generator_c/cmake)
[0.241s] -- Found rosidl_adapter: 3.1.4 (/home/sauron/ros2_humble/install/rosidl_adapter/share/rosidl_adapter/cmake)
[0.244s] -- Found rosidl_generator_cpp: 3.1.4 (/home/sauron/ros2_humble/install/rosidl_generator_cpp/share/rosidl_generator_cpp/cmake)
[0.264s] -- Using all available rosidl_typesupport_c: rosidl_typesupport_introspection_c;rosidl_typesupport_fastrtps_c
[0.286s] -- Using all available rosidl_typesupport_cpp: rosidl_typesupport_introspection_cpp;rosidl_typesupport_fastrtps_cpp
[0.308s] -- Found rosidl_default_generators: 1.2.0 (/home/sauron/ros2_humble/install/rosidl_default_generators/share/rosidl_default_generators/cmake)
[0.564s] Error parsing '/home/sauron/ros2-picas/ros2-picas-example/test_msgs/package.xml':
[0.608s] Traceback (most recent call last):
[0.608s]   File "/usr/lib/python3/dist-packages/catkin_pkg/package.py", line 610, in parse_package_string
[0.609s]     root = dom.parseString(data)
[0.609s]   File "/usr/lib/python3.10/xml/dom/minidom.py", line 1998, in parseString
[0.609s]     return expatbuilder.parseString(string)
[0.609s]   File "/usr/lib/python3.10/xml/dom/expatbuilder.py", line 925, in parseString
[0.609s]     return builder.parseString(string)
[0.609s]   File "/usr/lib/python3.10/xml/dom/expatbuilder.py", line 223, in parseString
[0.610s]     parser.Parse(string, True)
[0.610s] xml.parsers.expat.ExpatError: mismatched tag: line 15, column 43
[0.610s] 
[0.610s] During handling of the above exception, another exception occurred:
[0.610s] 
[0.610s] Traceback (most recent call last):
[0.610s]   File "/home/sauron/ros2_humble/install/ament_cmake_core/share/ament_cmake_core/cmake/core/package_xml_2_cmake.py", line 150, in <module>
[0.610s]     main()
[0.610s]   File "/home/sauron/ros2_humble/install/ament_cmake_core/share/ament_cmake_core/cmake/core/package_xml_2_cmake.py", line 53, in main
[0.610s]     raise e
[0.610s]   File "/home/sauron/ros2_humble/install/ament_cmake_core/share/ament_cmake_core/cmake/core/package_xml_2_cmake.py", line 49, in main
[0.610s]     package = parse_package_string(
[0.610s]   File "/usr/lib/python3/dist-packages/catkin_pkg/package.py", line 612, in parse_package_string
[0.610s]     raise InvalidPackage('The manifest contains invalid XML:\n%s' % ex, filename)
[0.610s] catkin_pkg.package.InvalidPackage: Error(s) in package '/home/sauron/ros2-picas/ros2-picas-example/test_msgs/package.xml':
[0.610s] The manifest contains invalid XML:
[0.610s] mismatched tag: line 15, column 43
[0.618s] [31mCMake Error at /home/sauron/ros2_humble/install/ament_cmake_core/share/ament_cmake_core/cmake/core/ament_package_xml.cmake:95 (message):
[0.618s]   execute_process(/usr/bin/python3.10
[0.618s]   /home/sauron/ros2_humble/install/ament_cmake_core/share/ament_cmake_core/cmake/core/package_xml_2_cmake.py
[0.618s]   /home/sauron/ros2-picas/ros2-picas-example/test_msgs/package.xml
[0.618s]   /home/sauron/ros2-picas/build/test_msgs/ament_cmake_core/package.cmake)
[0.618s]   returned error code 1
[0.618s] Call Stack (most recent call first):
[0.618s]   /home/sauron/ros2_humble/install/ament_cmake_core/share/ament_cmake_core/cmake/core/ament_package_xml.cmake:49 (_ament_package_xml)
[0.618s]   /home/sauron/ros2_humble/install/rosidl_cmake/share/rosidl_cmake/cmake/rosidl_generate_interfaces.cmake:226 (ament_package_xml)
[0.618s]   CMakeLists.txt:21 (rosidl_generate_interfaces)
[0.618s] 
[0.618s] [0m
[0.618s] -- Configuring incomplete, errors occurred!
[0.618s] See also "/home/sauron/ros2-picas/build/test_msgs/CMakeFiles/CMakeOutput.log".
[0.621s] gmake: *** [Makefile:963: cmake_check_build_system] Error 1
[0.623s] Invoked command in '/home/sauron/ros2-picas/build/test_msgs' returned '2': /usr/bin/cmake --build /home/sauron/ros2-picas/build/test_msgs -- -j20 -l20
